[19:45:13] [jarutils-parallel-3/INFO] [JarUtils|JarInJar]: Extracted nested jar META-INF/jarjar/mid.jar -> C:\Users\songp\AppData\Local\Temp\junit1706257307508197964\cache\mid-6c9274ed.jar
[19:45:13] [jarutils-parallel-5/INFO] [JarUtils|JarInJar]: Extracted nested jar META-INF/jarjar/inner.jar -> C:\Users\songp\AppData\Local\Temp\junit1706257307508197964\cache\inner-81bc63e7.jar
[19:45:13] [jarutils-parallel-10/ERROR] [JarUtils|JarInJar]: Cannot create cache directory C:\Users\songp\AppData\Local\Temp\junit3331418990540078430\cache
[19:45:13] [jarutils-parallel-9/INFO] [JarUtils|JarInJar]: Extracted nested jar META-INF/jarjar/mid.jar -> C:\Users\songp\AppData\Local\Temp\junit3331418990540078430\cache\mid-6c9274ed.jar
[19:45:13] [jarutils-parallel-12/INFO] [JarUtils|JarInJar]: Extracted nested jar META-INF/jarjar/inner.jar -> C:\Users\songp\AppData\Local\Temp\junit3331418990540078430\cache\inner-81bc63e7.jar
[19:45:13] [jarutils-parallel-15/INFO] [JarUtils|JarInJar]: Extracted nested jar META-INF/jarjar/lib.jar -> C:\Users\songp\AppData\Local\Temp\junit8140911844805848946\cache\lib-76b5a357.jar
[19:45:13] [jarutils-parallel-16/ERROR] [JarUtils|JarInJar]: Failed to open C:\Users\songp\AppData\Local\Temp\junit8140911844805848946\cache\lib-76b5a357.jar
java.util.zip.ZipException: error in opening zip file
	at java.util.zip.ZipFile.open(Native Method) ~[?:1.8.0_181]
	at java.util.zip.ZipFile.<init>(ZipFile.java:225) ~[?:1.8.0_181]
	at java.util.zip.ZipFile.<init>(ZipFile.java:155) ~[?:1.8.0_181]
	at java.util.jar.JarFile.<init>(JarFile.java:166) ~[?:1.8.0_181]
	at java.util.jar.JarFile.<init>(JarFile.java:130) ~[?:1.8.0_181]
	at io.qzz.dfdvdsf.jarinjar.JarInJar.openQuietly(JarInJar.java:835) [main/:?]
	at io.qzz.dfdvdsf.jarinjar.JarInJar.listNestedJarEntries(JarInJar.java:309) [main/:?]
	at io.qzz.dfdvdsf.jarinjar.JarInJar$2.apply(JarInJar.java:456) [main/:?]
	at io.qzz.dfdvdsf.jarinjar.JarInJar$2.apply(JarInJar.java:453) [main/:?]
	at io.qzz.dfdvdsf.concurrent.Parallel$1.call(Parallel.java:73) [main/:?]
	at java.util.concurrent.FutureTask.run(FutureTask.java:266) [?:1.8.0_181]
	at java.util.concurrent.ThreadPoolExecutor.runWorker(ThreadPoolExecutor.java:1149) [?:1.8.0_181]
	at java.util.concurrent.ThreadPoolExecutor$Worker.run(ThreadPoolExecutor.java:624) [?:1.8.0_181]
	at java.lang.Thread.run(Thread.java:748) [?:1.8.0_181]
[19:45:13] [Test worker/ERROR] [JarUtils|JarInJar]: Failed to open C:\Users\songp\AppData\Local\Temp\junit8140911844805848946\cache\lib-76b5a357.jar
java.util.zip.ZipException: error in opening zip file
	at java.util.zip.ZipFile.open(Native Method) ~[?:1.8.0_181]
	at java.util.zip.ZipFile.<init>(ZipFile.java:225) ~[?:1.8.0_181]
	at java.util.zip.ZipFile.<init>(ZipFile.java:155) ~[?:1.8.0_181]
	at java.util.jar.JarFile.<init>(JarFile.java:166) ~[?:1.8.0_181]
	at java.util.jar.JarFile.<init>(JarFile.java:130) ~[?:1.8.0_181]
	at io.qzz.dfdvdsf.jarinjar.JarInJar.openQuietly(JarInJar.java:835) [main/:?]
	at io.qzz.dfdvdsf.jarinjar.JarInJar.extractAllNestedJars(JarInJar.java:466) [main/:?]
	at io.qzz.dfdvdsf.jarinjar.JarInJar.extractAllNestedJarsRecursive(JarInJar.java:533) [main/:?]
	at io.qzz.dfdvdsf.jarinjar.JarInJarRecursiveTest.testRecursiveDedupDuplicateContainer(JarInJarRecursiveTest.java:147) [test/:?]
	at sun.reflect.NativeMethodAccessorImpl.invoke0(Native Method) ~[?:1.8.0_181]
	at sun.reflect.NativeMethodAccessorImpl.invoke(NativeMethodAccessorImpl.java:62) ~[?:1.8.0_181]
	at sun.reflect.DelegatingMethodAccessorImpl.invoke(DelegatingMethodAccessorImpl.java:43) ~[?:1.8.0_181]
	at java.lang.reflect.Method.invoke(Method.java:498) ~[?:1.8.0_181]
	at org.junit.runners.model.FrameworkMethod$1.runReflectiveCall(FrameworkMethod.java:59) [junit-4.13.2.jar:4.13.2]
	at org.junit.internal.runners.model.ReflectiveCallable.run(ReflectiveCallable.java:12) [junit-4.13.2.jar:4.13.2]
	at org.junit.runners.model.FrameworkMethod.invokeExplosively(FrameworkMethod.java:56) [junit-4.13.2.jar:4.13.2]
	at org.junit.internal.runners.statements.InvokeMethod.evaluate(InvokeMethod.java:17) [junit-4.13.2.jar:4.13.2]
	at org.junit.rules.ExternalResource$1.evaluate(ExternalResource.java:54) [junit-4.13.2.jar:4.13.2]
	at org.junit.runners.ParentRunner$3.evaluate(ParentRunner.java:306) [junit-4.13.2.jar:4.13.2]
	at org.junit.runners.BlockJUnit4ClassRunner$1.evaluate(BlockJUnit4ClassRunner.java:100) [junit-4.13.2.jar:4.13.2]
	at org.junit.runners.ParentRunner.runLeaf(ParentRunner.java:366) [junit-4.13.2.jar:4.13.2]
	at org.junit.runners.BlockJUnit4ClassRunner.runChild(BlockJUnit4ClassRunner.java:103) [junit-4.13.2.jar:4.13.2]
	at org.junit.runners.BlockJUnit4ClassRunner.runChild(BlockJUnit4ClassRunner.java:63) [junit-4.13.2.jar:4.13.2]
	at org.junit.runners.ParentRunner$4.run(ParentRunner.java:331) [junit-4.13.2.jar:4.13.2]
	at org.junit.runners.ParentRunner$1.schedule(ParentRunner.java:79) [junit-4.13.2.jar:4.13.2]
	at org.junit.runners.ParentRunner.runChildren(ParentRunner.java:329) [junit-4.13.2.jar:4.13.2]
	at org.junit.runners.ParentRunner.access$100(ParentRunner.java:66) [junit-4.13.2.jar:4.13.2]
	at org.junit.runners.ParentRunner$2.evaluate(ParentRunner.java:293) [junit-4.13.2.jar:4.13.2]
	at org.junit.runners.ParentRunner$3.evaluate(ParentRunner.java:306) [junit-4.13.2.jar:4.13.2]
	at org.junit.runners.ParentRunner.run(ParentRunner.java:413) [junit-4.13.2.jar:4.13.2]
	at org.gradle.api.internal.tasks.testing.junit.JUnitTestClassExecutor.runTestClass(JUnitTestClassExecutor.java:110) [gradle-testing-jvm-7.4.jar:7.4]
	at org.gradle.api.internal.tasks.testing.junit.JUnitTestClassExecutor.execute(JUnitTestClassExecutor.java:58) [gradle-testing-jvm-7.4.jar:7.4]
	at org.gradle.api.internal.tasks.testing.junit.JUnitTestClassExecutor.execute(JUnitTestClassExecutor.java:38) [gradle-testing-jvm-7.4.jar:7.4]
	at org.gradle.api.internal.tasks.testing.junit.AbstractJUnitTestClassProcessor.processTestClass(AbstractJUnitTestClassProcessor.java:62) [gradle-testing-jvm-7.4.jar:7.4]
	at org.gradle.api.internal.tasks.testing.SuiteTestClassProcessor.processTestClass(SuiteTestClassProcessor.java:51) [gradle-testing-base-7.4.jar:7.4]
	at sun.reflect.NativeMethodAccessorImpl.invoke0(Native Method) ~[?:1.8.0_181]
	at sun.reflect.NativeMethodAccessorImpl.invoke(NativeMethodAccessorImpl.java:62) ~[?:1.8.0_181]
	at sun.reflect.DelegatingMethodAccessorImpl.invoke(DelegatingMethodAccessorImpl.java:43) ~[?:1.8.0_181]
	at java.lang.reflect.Method.invoke(Method.java:498) ~[?:1.8.0_181]
	at org.gradle.internal.dispatch.ReflectionDispatch.dispatch(ReflectionDispatch.java:36) [gradle-messaging-7.4.jar:7.4]
	at org.gradle.internal.dispatch.ReflectionDispatch.dispatch(ReflectionDispatch.java:24) [gradle-messaging-7.4.jar:7.4]
	at org.gradle.internal.dispatch.ContextClassLoaderDispatch.dispatch(ContextClassLoaderDispatch.java:33) [gradle-messaging-7.4.jar:7.4]
	at org.gradle.internal.dispatch.ProxyDispatchAdapter$DispatchingInvocationHandler.invoke(ProxyDispatchAdapter.java:94) [gradle-messaging-7.4.jar:7.4]
	at com.sun.proxy.$Proxy2.processTestClass(Unknown Source) [?:?]
	at org.gradle.api.internal.tasks.testing.worker.TestWorker$2.run(TestWorker.java:176) [gradle-testing-base-7.4.jar:7.4]
	at org.gradle.api.internal.tasks.testing.worker.TestWorker.executeAndMaintainThreadName(TestWorker.java:129) [gradle-testing-base-7.4.jar:7.4]
	at org.gradle.api.internal.tasks.testing.worker.TestWorker.execute(TestWorker.java:100) [gradle-testing-base-7.4.jar:7.4]
	at org.gradle.api.internal.tasks.testing.worker.TestWorker.execute(TestWorker.java:60) [gradle-testing-base-7.4.jar:7.4]
	at org.gradle.process.internal.worker.child.ActionExecutionWorker.execute(ActionExecutionWorker.java:56) [gradle-worker-processes-7.4.jar:7.4]
	at org.gradle.process.internal.worker.child.SystemApplicationClassLoaderWorker.call(SystemApplicationClassLoaderWorker.java:133) [gradle-worker-processes-7.4.jar:7.4]
	at org.gradle.process.internal.worker.child.SystemApplicationClassLoaderWorker.call(SystemApplicationClassLoaderWorker.java:71) [gradle-worker-processes-7.4.jar:7.4]
	at worker.org.gradle.process.internal.worker.GradleWorkerMain.run(GradleWorkerMain.java:69) [gradle-worker.jar:?]
	at worker.org.gradle.process.internal.worker.GradleWorkerMain.main(GradleWorkerMain.java:74) [gradle-worker.jar:?]
[19:45:13] [jarutils-parallel-18/INFO] [JarUtils|JarInJar]: Extracted nested jar META-INF/jarjar/mid.jar -> C:\Users\songp\AppData\Local\Temp\junit7845555665267885800\cache\mid-6c9274ed.jar
[19:45:14] [jarutils-parallel-20/INFO] [JarUtils|JarInJar]: Extracted nested jar META-INF/jarjar/inner.jar -> C:\Users\songp\AppData\Local\Temp\junit7845555665267885800\cache\inner-81bc63e7.jar
[19:45:14] [jarutils-parallel-3/DEBUG] [JarUtils|JarInJar]: Cache hit for nested jar META-INF/jarjar/mid.jar: C:\Users\songp\AppData\Local\Temp\junit7845555665267885800\cache\mid-6c9274ed.jar
[19:45:14] [jarutils-parallel-5/DEBUG] [JarUtils|JarInJar]: Cache hit for nested jar META-INF/jarjar/inner.jar: C:\Users\songp\AppData\Local\Temp\junit7845555665267885800\cache\inner-81bc63e7.jar
[19:45:14] [jarutils-parallel-8/INFO] [JarUtils|JarInJar]: Extracted nested jar META-INF/jarjar/lib.jar -> C:\Users\songp\AppData\Local\Temp\junit8733615940292597850\cache\lib-76b5a357.jar
[19:45:14] [jarutils-parallel-10/ERROR] [JarUtils|JarInJar]: Failed to open C:\Users\songp\AppData\Local\Temp\junit8733615940292597850\cache\lib-76b5a357.jar
java.util.zip.ZipException: error in opening zip file
	at java.util.zip.ZipFile.open(Native Method) ~[?:1.8.0_181]
	at java.util.zip.ZipFile.<init>(ZipFile.java:225) ~[?:1.8.0_181]
	at java.util.zip.ZipFile.<init>(ZipFile.java:155) ~[?:1.8.0_181]
	at java.util.jar.JarFile.<init>(JarFile.java:166) ~[?:1.8.0_181]
	at java.util.jar.JarFile.<init>(JarFile.java:130) ~[?:1.8.0_181]
	at io.qzz.dfdvdsf.jarinjar.JarInJar.openQuietly(JarInJar.java:835) [main/:?]
	at io.qzz.dfdvdsf.jarinjar.JarInJar.listNestedJarEntries(JarInJar.java:309) [main/:?]
	at io.qzz.dfdvdsf.jarinjar.JarInJar$2.apply(JarInJar.java:456) [main/:?]
	at io.qzz.dfdvdsf.jarinjar.JarInJar$2.apply(JarInJar.java:453) [main/:?]
	at io.qzz.dfdvdsf.concurrent.Parallel$1.call(Parallel.java:73) [main/:?]
	at java.util.concurrent.FutureTask.run(FutureTask.java:266) [?:1.8.0_181]
	at java.util.concurrent.ThreadPoolExecutor.runWorker(ThreadPoolExecutor.java:1149) [?:1.8.0_181]
	at java.util.concurrent.ThreadPoolExecutor$Worker.run(ThreadPoolExecutor.java:624) [?:1.8.0_181]
	at java.lang.Thread.run(Thread.java:748) [?:1.8.0_181]
[19:45:14] [Test worker/ERROR] [JarUtils|JarInJar]: Failed to open C:\Users\songp\AppData\Local\Temp\junit8733615940292597850\cache\lib-76b5a357.jar
java.util.zip.ZipException: error in opening zip file
	at java.util.zip.ZipFile.open(Native Method) ~[?:1.8.0_181]
	at java.util.zip.ZipFile.<init>(ZipFile.java:225) ~[?:1.8.0_181]
	at java.util.zip.ZipFile.<init>(ZipFile.java:155) ~[?:1.8.0_181]
	at java.util.jar.JarFile.<init>(JarFile.java:166) ~[?:1.8.0_181]
	at java.util.jar.JarFile.<init>(JarFile.java:130) ~[?:1.8.0_181]
	at io.qzz.dfdvdsf.jarinjar.JarInJar.openQuietly(JarInJar.java:835) [main/:?]
	at io.qzz.dfdvdsf.jarinjar.JarInJar.extractAllNestedJars(JarInJar.java:466) [main/:?]
	at io.qzz.dfdvdsf.jarinjar.JarInJar.extractAllNestedJarsRecursive(JarInJar.java:533) [main/:?]
	at io.qzz.dfdvdsf.jarinjar.JarInJar.extractAllNestedJarsRecursive(JarInJar.java:561) [main/:?]
	at io.qzz.dfdvdsf.jarinjar.JarInJarRecursiveTest.testRecursiveExtractionSingleLevel(JarInJarRecursiveTest.java:82) [test/:?]
	at sun.reflect.NativeMethodAccessorImpl.invoke0(Native Method) ~[?:1.8.0_181]
	at sun.reflect.NativeMethodAccessorImpl.invoke(NativeMethodAccessorImpl.java:62) ~[?:1.8.0_181]
	at sun.reflect.DelegatingMethodAccessorImpl.invoke(DelegatingMethodAccessorImpl.java:43) ~[?:1.8.0_181]
	at java.lang.reflect.Method.invoke(Method.java:498) ~[?:1.8.0_181]
	at org.junit.runners.model.FrameworkMethod$1.runReflectiveCall(FrameworkMethod.java:59) [junit-4.13.2.jar:4.13.2]
	at org.junit.internal.runners.model.ReflectiveCallable.run(ReflectiveCallable.java:12) [junit-4.13.2.jar:4.13.2]
	at org.junit.runners.model.FrameworkMethod.invokeExplosively(FrameworkMethod.java:56) [junit-4.13.2.jar:4.13.2]
	at org.junit.internal.runners.statements.InvokeMethod.evaluate(InvokeMethod.java:17) [junit-4.13.2.jar:4.13.2]
	at org.junit.rules.ExternalResource$1.evaluate(ExternalResource.java:54) [junit-4.13.2.jar:4.13.2]
	at org.junit.runners.ParentRunner$3.evaluate(ParentRunner.java:306) [junit-4.13.2.jar:4.13.2]
	at org.junit.runners.BlockJUnit4ClassRunner$1.evaluate(BlockJUnit4ClassRunner.java:100) [junit-4.13.2.jar:4.13.2]
	at org.junit.runners.ParentRunner.runLeaf(ParentRunner.java:366) [junit-4.13.2.jar:4.13.2]
	at org.junit.runners.BlockJUnit4ClassRunner.runChild(BlockJUnit4ClassRunner.java:103) [junit-4.13.2.jar:4.13.2]
	at org.junit.runners.BlockJUnit4ClassRunner.runChild(BlockJUnit4ClassRunner.java:63) [junit-4.13.2.jar:4.13.2]
	at org.junit.runners.ParentRunner$4.run(ParentRunner.java:331) [junit-4.13.2.jar:4.13.2]
	at org.junit.runners.ParentRunner$1.schedule(ParentRunner.java:79) [junit-4.13.2.jar:4.13.2]
	at org.junit.runners.ParentRunner.runChildren(ParentRunner.java:329) [junit-4.13.2.jar:4.13.2]
	at org.junit.runners.ParentRunner.access$100(ParentRunner.java:66) [junit-4.13.2.jar:4.13.2]
	at org.junit.runners.ParentRunner$2.evaluate(ParentRunner.java:293) [junit-4.13.2.jar:4.13.2]
	at org.junit.runners.ParentRunner$3.evaluate(ParentRunner.java:306) [junit-4.13.2.jar:4.13.2]
	at org.junit.runners.ParentRunner.run(ParentRunner.java:413) [junit-4.13.2.jar:4.13.2]
	at org.gradle.api.internal.tasks.testing.junit.JUnitTestClassExecutor.runTestClass(JUnitTestClassExecutor.java:110) [gradle-testing-jvm-7.4.jar:7.4]
	at org.gradle.api.internal.tasks.testing.junit.JUnitTestClassExecutor.execute(JUnitTestClassExecutor.java:58) [gradle-testing-jvm-7.4.jar:7.4]
	at org.gradle.api.internal.tasks.testing.junit.JUnitTestClassExecutor.execute(JUnitTestClassExecutor.java:38) [gradle-testing-jvm-7.4.jar:7.4]
	at org.gradle.api.internal.tasks.testing.junit.AbstractJUnitTestClassProcessor.processTestClass(AbstractJUnitTestClassProcessor.java:62) [gradle-testing-jvm-7.4.jar:7.4]
	at org.gradle.api.internal.tasks.testing.SuiteTestClassProcessor.processTestClass(SuiteTestClassProcessor.java:51) [gradle-testing-base-7.4.jar:7.4]
	at sun.reflect.NativeMethodAccessorImpl.invoke0(Native Method) ~[?:1.8.0_181]
	at sun.reflect.NativeMethodAccessorImpl.invoke(NativeMethodAccessorImpl.java:62) ~[?:1.8.0_181]
	at sun.reflect.DelegatingMethodAccessorImpl.invoke(DelegatingMethodAccessorImpl.java:43) ~[?:1.8.0_181]
	at java.lang.reflect.Method.invoke(Method.java:498) ~[?:1.8.0_181]
	at org.gradle.internal.dispatch.ReflectionDispatch.dispatch(ReflectionDispatch.java:36) [gradle-messaging-7.4.jar:7.4]
	at org.gradle.internal.dispatch.ReflectionDispatch.dispatch(ReflectionDispatch.java:24) [gradle-messaging-7.4.jar:7.4]
	at org.gradle.internal.dispatch.ContextClassLoaderDispatch.dispatch(ContextClassLoaderDispatch.java:33) [gradle-messaging-7.4.jar:7.4]
	at org.gradle.internal.dispatch.ProxyDispatchAdapter$DispatchingInvocationHandler.invoke(ProxyDispatchAdapter.java:94) [gradle-messaging-7.4.jar:7.4]
	at com.sun.proxy.$Proxy2.processTestClass(Unknown Source) [?:?]
	at org.gradle.api.internal.tasks.testing.worker.TestWorker$2.run(TestWorker.java:176) [gradle-testing-base-7.4.jar:7.4]
	at org.gradle.api.internal.tasks.testing.worker.TestWorker.executeAndMaintainThreadName(TestWorker.java:129) [gradle-testing-base-7.4.jar:7.4]
	at org.gradle.api.internal.tasks.testing.worker.TestWorker.execute(TestWorker.java:100) [gradle-testing-base-7.4.jar:7.4]
	at org.gradle.api.internal.tasks.testing.worker.TestWorker.execute(TestWorker.java:60) [gradle-testing-base-7.4.jar:7.4]
	at org.gradle.process.internal.worker.child.ActionExecutionWorker.execute(ActionExecutionWorker.java:56) [gradle-worker-processes-7.4.jar:7.4]
	at org.gradle.process.internal.worker.child.SystemApplicationClassLoaderWorker.call(SystemApplicationClassLoaderWorker.java:133) [gradle-worker-processes-7.4.jar:7.4]
	at org.gradle.process.internal.worker.child.SystemApplicationClassLoaderWorker.call(SystemApplicationClassLoaderWorker.java:71) [gradle-worker-processes-7.4.jar:7.4]
	at worker.org.gradle.process.internal.worker.GradleWorkerMain.run(GradleWorkerMain.java:69) [gradle-worker.jar:?]
	at worker.org.gradle.process.internal.worker.GradleWorkerMain.main(GradleWorkerMain.java:74) [gradle-worker.jar:?]
[19:45:14] [jarutils-parallel-12/ERROR] [JarUtils|JarInJar]: Cannot create cache directory C:\Users\songp\AppData\Local\Temp\junit2501579908860110454\cache
[19:45:14] [jarutils-parallel-13/INFO] [JarUtils|JarInJar]: Extracted nested jar META-INF/jarjar/shared.jar -> C:\Users\songp\AppData\Local\Temp\junit2501579908860110454\cache\shared-3d295169.jar
[19:45:14] [jarutils-parallel-15/INFO] [JarUtils|JarInJar]: Extracted nested jar META-INF/jarjar/inner.jar -> C:\Users\songp\AppData\Local\Temp\junit2501579908860110454\cache\inner-d5199465.jar
[19:45:14] [jarutils-parallel-18/INFO] [JarUtils|JarInJar]: Extracted nested jar META-INF/jarjar/inner.jar -> C:\Users\songp\AppData\Local\Temp\junit8110121867646401500\cache\inner-d5199465.jar
[19:45:50] [jarutils-parallel-3/INFO] [JarUtils|JarInJar]: Extracted nested jar META-INF/jarjar/mid.jar -> C:\Users\songp\AppData\Local\Temp\junit8487809502065036554\cache\mid-668f9c82.jar
[19:45:50] [jarutils-parallel-5/INFO] [JarUtils|JarInJar]: Extracted nested jar META-INF/jarjar/inner.jar -> C:\Users\songp\AppData\Local\Temp\junit8487809502065036554\cache\inner-7b9c7ffd.jar
[19:45:50] [jarutils-parallel-10/ERROR] [JarUtils|JarInJar]: Cannot create cache directory C:\Users\songp\AppData\Local\Temp\junit7230166300929013240\cache
[19:45:50] [jarutils-parallel-9/INFO] [JarUtils|JarInJar]: Extracted nested jar META-INF/jarjar/mid.jar -> C:\Users\songp\AppData\Local\Temp\junit7230166300929013240\cache\mid-668f9c82.jar
[19:45:50] [jarutils-parallel-12/INFO] [JarUtils|JarInJar]: Extracted nested jar META-INF/jarjar/inner.jar -> C:\Users\songp\AppData\Local\Temp\junit7230166300929013240\cache\inner-7b9c7ffd.jar
[19:45:50] [jarutils-parallel-15/INFO] [JarUtils|JarInJar]: Extracted nested jar META-INF/jarjar/lib.jar -> C:\Users\songp\AppData\Local\Temp\junit1852189883010120763\cache\lib-76b5a357.jar
[19:45:50] [jarutils-parallel-16/ERROR] [JarUtils|JarInJar]: Failed to open C:\Users\songp\AppData\Local\Temp\junit1852189883010120763\cache\lib-76b5a357.jar
java.util.zip.ZipException: error in opening zip file
	at java.util.zip.ZipFile.open(Native Method) ~[?:1.8.0_181]
	at java.util.zip.ZipFile.<init>(ZipFile.java:225) ~[?:1.8.0_181]
	at java.util.zip.ZipFile.<init>(ZipFile.java:155) ~[?:1.8.0_181]
	at java.util.jar.JarFile.<init>(JarFile.java:166) ~[?:1.8.0_181]
	at java.util.jar.JarFile.<init>(JarFile.java:130) ~[?:1.8.0_181]
	at io.qzz.dfdvdsf.jarinjar.JarInJar.openQuietly(JarInJar.java:835) [main/:?]
	at io.qzz.dfdvdsf.jarinjar.JarInJar.listNestedJarEntries(JarInJar.java:309) [main/:?]
	at io.qzz.dfdvdsf.jarinjar.JarInJar$2.apply(JarInJar.java:456) [main/:?]
	at io.qzz.dfdvdsf.jarinjar.JarInJar$2.apply(JarInJar.java:453) [main/:?]
	at io.qzz.dfdvdsf.concurrent.Parallel$1.call(Parallel.java:73) [main/:?]
	at java.util.concurrent.FutureTask.run(FutureTask.java:266) [?:1.8.0_181]
	at java.util.concurrent.ThreadPoolExecutor.runWorker(ThreadPoolExecutor.java:1149) [?:1.8.0_181]
	at java.util.concurrent.ThreadPoolExecutor$Worker.run(ThreadPoolExecutor.java:624) [?:1.8.0_181]
	at java.lang.Thread.run(Thread.java:748) [?:1.8.0_181]
[19:45:50] [Test worker/ERROR] [JarUtils|JarInJar]: Failed to open C:\Users\songp\AppData\Local\Temp\junit1852189883010120763\cache\lib-76b5a357.jar
java.util.zip.ZipException: error in opening zip file
	at java.util.zip.ZipFile.open(Native Method) ~[?:1.8.0_181]
	at java.util.zip.ZipFile.<init>(ZipFile.java:225) ~[?:1.8.0_181]
	at java.util.zip.ZipFile.<init>(ZipFile.java:155) ~[?:1.8.0_181]
	at java.util.jar.JarFile.<init>(JarFile.java:166) ~[?:1.8.0_181]
	at java.util.jar.JarFile.<init>(JarFile.java:130) ~[?:1.8.0_181]
	at io.qzz.dfdvdsf.jarinjar.JarInJar.openQuietly(JarInJar.java:835) [main/:?]
	at io.qzz.dfdvdsf.jarinjar.JarInJar.extractAllNestedJars(JarInJar.java:466) [main/:?]
	at io.qzz.dfdvdsf.jarinjar.JarInJar.extractAllNestedJarsRecursive(JarInJar.java:533) [main/:?]
	at io.qzz.dfdvdsf.jarinjar.JarInJarRecursiveTest.testRecursiveDedupDuplicateContainer(JarInJarRecursiveTest.java:148) [test/:?]
	at sun.reflect.NativeMethodAccessorImpl.invoke0(Native Method) ~[?:1.8.0_181]
	at sun.reflect.NativeMethodAccessorImpl.invoke(NativeMethodAccessorImpl.java:62) ~[?:1.8.0_181]
	at sun.reflect.DelegatingMethodAccessorImpl.invoke(DelegatingMethodAccessorImpl.java:43) ~[?:1.8.0_181]
	at java.lang.reflect.Method.invoke(Method.java:498) ~[?:1.8.0_181]
	at org.junit.runners.model.FrameworkMethod$1.runReflectiveCall(FrameworkMethod.java:59) [junit-4.13.2.jar:4.13.2]
	at org.junit.internal.runners.model.ReflectiveCallable.run(ReflectiveCallable.java:12) [junit-4.13.2.jar:4.13.2]
	at org.junit.runners.model.FrameworkMethod.invokeExplosively(FrameworkMethod.java:56) [junit-4.13.2.jar:4.13.2]
	at org.junit.internal.runners.statements.InvokeMethod.evaluate(InvokeMethod.java:17) [junit-4.13.2.jar:4.13.2]
	at org.junit.rules.ExternalResource$1.evaluate(ExternalResource.java:54) [junit-4.13.2.jar:4.13.2]
	at org.junit.runners.ParentRunner$3.evaluate(ParentRunner.java:306) [junit-4.13.2.jar:4.13.2]
	at org.junit.runners.BlockJUnit4ClassRunner$1.evaluate(BlockJUnit4ClassRunner.java:100) [junit-4.13.2.jar:4.13.2]
	at org.junit.runners.ParentRunner.runLeaf(ParentRunner.java:366) [junit-4.13.2.jar:4.13.2]
	at org.junit.runners.BlockJUnit4ClassRunner.runChild(BlockJUnit4ClassRunner.java:103) [junit-4.13.2.jar:4.13.2]
	at org.junit.runners.BlockJUnit4ClassRunner.runChild(BlockJUnit4ClassRunner.java:63) [junit-4.13.2.jar:4.13.2]
	at org.junit.runners.ParentRunner$4.run(ParentRunner.java:331) [junit-4.13.2.jar:4.13.2]
	at org.junit.runners.ParentRunner$1.schedule(ParentRunner.java:79) [junit-4.13.2.jar:4.13.2]
	at org.junit.runners.ParentRunner.runChildren(ParentRunner.java:329) [junit-4.13.2.jar:4.13.2]
	at org.junit.runners.ParentRunner.access$100(ParentRunner.java:66) [junit-4.13.2.jar:4.13.2]
	at org.junit.runners.ParentRunner$2.evaluate(ParentRunner.java:293) [junit-4.13.2.jar:4.13.2]
	at org.junit.runners.ParentRunner$3.evaluate(ParentRunner.java:306) [junit-4.13.2.jar:4.13.2]
	at org.junit.runners.ParentRunner.run(ParentRunner.java:413) [junit-4.13.2.jar:4.13.2]
	at org.gradle.api.internal.tasks.testing.junit.JUnitTestClassExecutor.runTestClass(JUnitTestClassExecutor.java:110) [gradle-testing-jvm-7.4.jar:7.4]
	at org.gradle.api.internal.tasks.testing.junit.JUnitTestClassExecutor.execute(JUnitTestClassExecutor.java:58) [gradle-testing-jvm-7.4.jar:7.4]
	at org.gradle.api.internal.tasks.testing.junit.JUnitTestClassExecutor.execute(JUnitTestClassExecutor.java:38) [gradle-testing-jvm-7.4.jar:7.4]
	at org.gradle.api.internal.tasks.testing.junit.AbstractJUnitTestClassProcessor.processTestClass(AbstractJUnitTestClassProcessor.java:62) [gradle-testing-jvm-7.4.jar:7.4]
	at org.gradle.api.internal.tasks.testing.SuiteTestClassProcessor.processTestClass(SuiteTestClassProcessor.java:51) [gradle-testing-base-7.4.jar:7.4]
	at sun.reflect.NativeMethodAccessorImpl.invoke0(Native Method) ~[?:1.8.0_181]
	at sun.reflect.NativeMethodAccessorImpl.invoke(NativeMethodAccessorImpl.java:62) ~[?:1.8.0_181]
	at sun.reflect.DelegatingMethodAccessorImpl.invoke(DelegatingMethodAccessorImpl.java:43) ~[?:1.8.0_181]
	at java.lang.reflect.Method.invoke(Method.java:498) ~[?:1.8.0_181]
	at org.gradle.internal.dispatch.ReflectionDispatch.dispatch(ReflectionDispatch.java:36) [gradle-messaging-7.4.jar:7.4]
	at org.gradle.internal.dispatch.ReflectionDispatch.dispatch(ReflectionDispatch.java:24) [gradle-messaging-7.4.jar:7.4]
	at org.gradle.internal.dispatch.ContextClassLoaderDispatch.dispatch(ContextClassLoaderDispatch.java:33) [gradle-messaging-7.4.jar:7.4]
	at org.gradle.internal.dispatch.ProxyDispatchAdapter$DispatchingInvocationHandler.invoke(ProxyDispatchAdapter.java:94) [gradle-messaging-7.4.jar:7.4]
	at com.sun.proxy.$Proxy2.processTestClass(Unknown Source) [?:?]
	at org.gradle.api.internal.tasks.testing.worker.TestWorker$2.run(TestWorker.java:176) [gradle-testing-base-7.4.jar:7.4]
	at org.gradle.api.internal.tasks.testing.worker.TestWorker.executeAndMaintainThreadName(TestWorker.java:129) [gradle-testing-base-7.4.jar:7.4]
	at org.gradle.api.internal.tasks.testing.worker.TestWorker.execute(TestWorker.java:100) [gradle-testing-base-7.4.jar:7.4]
	at org.gradle.api.internal.tasks.testing.worker.TestWorker.execute(TestWorker.java:60) [gradle-testing-base-7.4.jar:7.4]
	at org.gradle.process.internal.worker.child.ActionExecutionWorker.execute(ActionExecutionWorker.java:56) [gradle-worker-processes-7.4.jar:7.4]
	at org.gradle.process.internal.worker.child.SystemApplicationClassLoaderWorker.call(SystemApplicationClassLoaderWorker.java:133) [gradle-worker-processes-7.4.jar:7.4]
	at org.gradle.process.internal.worker.child.SystemApplicationClassLoaderWorker.call(SystemApplicationClassLoaderWorker.java:71) [gradle-worker-processes-7.4.jar:7.4]
	at worker.org.gradle.process.internal.worker.GradleWorkerMain.run(GradleWorkerMain.java:69) [gradle-worker.jar:?]
	at worker.org.gradle.process.internal.worker.GradleWorkerMain.main(GradleWorkerMain.java:74) [gradle-worker.jar:?]
[19:45:50] [jarutils-parallel-18/INFO] [JarUtils|JarInJar]: Extracted nested jar META-INF/jarjar/mid.jar -> C:\Users\songp\AppData\Local\Temp\junit8510584681405520273\cache\mid-668f9c82.jar
[19:45:50] [jarutils-parallel-20/INFO] [JarUtils|JarInJar]: Extracted nested jar META-INF/jarjar/inner.jar -> C:\Users\songp\AppData\Local\Temp\junit8510584681405520273\cache\inner-7b9c7ffd.jar
[19:45:50] [jarutils-parallel-3/DEBUG] [JarUtils|JarInJar]: Cache hit for nested jar META-INF/jarjar/mid.jar: C:\Users\songp\AppData\Local\Temp\junit8510584681405520273\cache\mid-668f9c82.jar
[19:45:50] [jarutils-parallel-5/DEBUG] [JarUtils|JarInJar]: Cache hit for nested jar META-INF/jarjar/inner.jar: C:\Users\songp\AppData\Local\Temp\junit8510584681405520273\cache\inner-7b9c7ffd.jar
[19:45:50] [jarutils-parallel-7/INFO] [JarUtils|JarInJar]: Extracted nested jar META-INF/jarjar/lib.jar -> C:\Users\songp\AppData\Local\Temp\junit3105500843880860116\cache\lib-76b5a357.jar
[19:45:50] [jarutils-parallel-10/ERROR] [JarUtils|JarInJar]: Failed to open C:\Users\songp\AppData\Local\Temp\junit3105500843880860116\cache\lib-76b5a357.jar
java.util.zip.ZipException: error in opening zip file
	at java.util.zip.ZipFile.open(Native Method) ~[?:1.8.0_181]
	at java.util.zip.ZipFile.<init>(ZipFile.java:225) ~[?:1.8.0_181]
	at java.util.zip.ZipFile.<init>(ZipFile.java:155) ~[?:1.8.0_181]
	at java.util.jar.JarFile.<init>(JarFile.java:166) ~[?:1.8.0_181]
	at java.util.jar.JarFile.<init>(JarFile.java:130) ~[?:1.8.0_181]
	at io.qzz.dfdvdsf.jarinjar.JarInJar.openQuietly(JarInJar.java:835) [main/:?]
	at io.qzz.dfdvdsf.jarinjar.JarInJar.listNestedJarEntries(JarInJar.java:309) [main/:?]
	at io.qzz.dfdvdsf.jarinjar.JarInJar$2.apply(JarInJar.java:456) [main/:?]
	at io.qzz.dfdvdsf.jarinjar.JarInJar$2.apply(JarInJar.java:453) [main/:?]
	at io.qzz.dfdvdsf.concurrent.Parallel$1.call(Parallel.java:73) [main/:?]
	at java.util.concurrent.FutureTask.run(FutureTask.java:266) [?:1.8.0_181]
	at java.util.concurrent.ThreadPoolExecutor.runWorker(ThreadPoolExecutor.java:1149) [?:1.8.0_181]
	at java.util.concurrent.ThreadPoolExecutor$Worker.run(ThreadPoolExecutor.java:624) [?:1.8.0_181]
	at java.lang.Thread.run(Thread.java:748) [?:1.8.0_181]
[19:45:50] [Test worker/ERROR] [JarUtils|JarInJar]: Failed to open C:\Users\songp\AppData\Local\Temp\junit3105500843880860116\cache\lib-76b5a357.jar
java.util.zip.ZipException: error in opening zip file
	at java.util.zip.ZipFile.open(Native Method) ~[?:1.8.0_181]
	at java.util.zip.ZipFile.<init>(ZipFile.java:225) ~[?:1.8.0_181]
	at java.util.zip.ZipFile.<init>(ZipFile.java:155) ~[?:1.8.0_181]
	at java.util.jar.JarFile.<init>(JarFile.java:166) ~[?:1.8.0_181]
	at java.util.jar.JarFile.<init>(JarFile.java:130) ~[?:1.8.0_181]
	at io.qzz.dfdvdsf.jarinjar.JarInJar.openQuietly(JarInJar.java:835) [main/:?]
	at io.qzz.dfdvdsf.jarinjar.JarInJar.extractAllNestedJars(JarInJar.java:466) [main/:?]
	at io.qzz.dfdvdsf.jarinjar.JarInJar.extractAllNestedJarsRecursive(JarInJar.java:533) [main/:?]
	at io.qzz.dfdvdsf.jarinjar.JarInJar.extractAllNestedJarsRecursive(JarInJar.java:561) [main/:?]
	at io.qzz.dfdvdsf.jarinjar.JarInJarRecursiveTest.testRecursiveExtractionSingleLevel(JarInJarRecursiveTest.java:83) [test/:?]
	at sun.reflect.NativeMethodAccessorImpl.invoke0(Native Method) ~[?:1.8.0_181]
	at sun.reflect.NativeMethodAccessorImpl.invoke(NativeMethodAccessorImpl.java:62) ~[?:1.8.0_181]
	at sun.reflect.DelegatingMethodAccessorImpl.invoke(DelegatingMethodAccessorImpl.java:43) ~[?:1.8.0_181]
	at java.lang.reflect.Method.invoke(Method.java:498) ~[?:1.8.0_181]
	at org.junit.runners.model.FrameworkMethod$1.runReflectiveCall(FrameworkMethod.java:59) [junit-4.13.2.jar:4.13.2]
	at org.junit.internal.runners.model.ReflectiveCallable.run(ReflectiveCallable.java:12) [junit-4.13.2.jar:4.13.2]
	at org.junit.runners.model.FrameworkMethod.invokeExplosively(FrameworkMethod.java:56) [junit-4.13.2.jar:4.13.2]
	at org.junit.internal.runners.statements.InvokeMethod.evaluate(InvokeMethod.java:17) [junit-4.13.2.jar:4.13.2]
	at org.junit.rules.ExternalResource$1.evaluate(ExternalResource.java:54) [junit-4.13.2.jar:4.13.2]
	at org.junit.runners.ParentRunner$3.evaluate(ParentRunner.java:306) [junit-4.13.2.jar:4.13.2]
	at org.junit.runners.BlockJUnit4ClassRunner$1.evaluate(BlockJUnit4ClassRunner.java:100) [junit-4.13.2.jar:4.13.2]
	at org.junit.runners.ParentRunner.runLeaf(ParentRunner.java:366) [junit-4.13.2.jar:4.13.2]
	at org.junit.runners.BlockJUnit4ClassRunner.runChild(BlockJUnit4ClassRunner.java:103) [junit-4.13.2.jar:4.13.2]
	at org.junit.runners.BlockJUnit4ClassRunner.runChild(BlockJUnit4ClassRunner.java:63) [junit-4.13.2.jar:4.13.2]
	at org.junit.runners.ParentRunner$4.run(ParentRunner.java:331) [junit-4.13.2.jar:4.13.2]
	at org.junit.runners.ParentRunner$1.schedule(ParentRunner.java:79) [junit-4.13.2.jar:4.13.2]
	at org.junit.runners.ParentRunner.runChildren(ParentRunner.java:329) [junit-4.13.2.jar:4.13.2]
	at org.junit.runners.ParentRunner.access$100(ParentRunner.java:66) [junit-4.13.2.jar:4.13.2]
	at org.junit.runners.ParentRunner$2.evaluate(ParentRunner.java:293) [junit-4.13.2.jar:4.13.2]
	at org.junit.runners.ParentRunner$3.evaluate(ParentRunner.java:306) [junit-4.13.2.jar:4.13.2]
	at org.junit.runners.ParentRunner.run(ParentRunner.java:413) [junit-4.13.2.jar:4.13.2]
	at org.gradle.api.internal.tasks.testing.junit.JUnitTestClassExecutor.runTestClass(JUnitTestClassExecutor.java:110) [gradle-testing-jvm-7.4.jar:7.4]
	at org.gradle.api.internal.tasks.testing.junit.JUnitTestClassExecutor.execute(JUnitTestClassExecutor.java:58) [gradle-testing-jvm-7.4.jar:7.4]
	at org.gradle.api.internal.tasks.testing.junit.JUnitTestClassExecutor.execute(JUnitTestClassExecutor.java:38) [gradle-testing-jvm-7.4.jar:7.4]
	at org.gradle.api.internal.tasks.testing.junit.AbstractJUnitTestClassProcessor.processTestClass(AbstractJUnitTestClassProcessor.java:62) [gradle-testing-jvm-7.4.jar:7.4]
	at org.gradle.api.internal.tasks.testing.SuiteTestClassProcessor.processTestClass(SuiteTestClassProcessor.java:51) [gradle-testing-base-7.4.jar:7.4]
	at sun.reflect.NativeMethodAccessorImpl.invoke0(Native Method) ~[?:1.8.0_181]
	at sun.reflect.NativeMethodAccessorImpl.invoke(NativeMethodAccessorImpl.java:62) ~[?:1.8.0_181]
	at sun.reflect.DelegatingMethodAccessorImpl.invoke(DelegatingMethodAccessorImpl.java:43) ~[?:1.8.0_181]
	at java.lang.reflect.Method.invoke(Method.java:498) ~[?:1.8.0_181]
	at org.gradle.internal.dispatch.ReflectionDispatch.dispatch(ReflectionDispatch.java:36) [gradle-messaging-7.4.jar:7.4]
	at org.gradle.internal.dispatch.ReflectionDispatch.dispatch(ReflectionDispatch.java:24) [gradle-messaging-7.4.jar:7.4]
	at org.gradle.internal.dispatch.ContextClassLoaderDispatch.dispatch(ContextClassLoaderDispatch.java:33) [gradle-messaging-7.4.jar:7.4]
	at org.gradle.internal.dispatch.ProxyDispatchAdapter$DispatchingInvocationHandler.invoke(ProxyDispatchAdapter.java:94) [gradle-messaging-7.4.jar:7.4]
	at com.sun.proxy.$Proxy2.processTestClass(Unknown Source) [?:?]
	at org.gradle.api.internal.tasks.testing.worker.TestWorker$2.run(TestWorker.java:176) [gradle-testing-base-7.4.jar:7.4]
	at org.gradle.api.internal.tasks.testing.worker.TestWorker.executeAndMaintainThreadName(TestWorker.java:129) [gradle-testing-base-7.4.jar:7.4]
	at org.gradle.api.internal.tasks.testing.worker.TestWorker.execute(TestWorker.java:100) [gradle-testing-base-7.4.jar:7.4]
	at org.gradle.api.internal.tasks.testing.worker.TestWorker.execute(TestWorker.java:60) [gradle-testing-base-7.4.jar:7.4]
	at org.gradle.process.internal.worker.child.ActionExecutionWorker.execute(ActionExecutionWorker.java:56) [gradle-worker-processes-7.4.jar:7.4]
	at org.gradle.process.internal.worker.child.SystemApplicationClassLoaderWorker.call(SystemApplicationClassLoaderWorker.java:133) [gradle-worker-processes-7.4.jar:7.4]
	at org.gradle.process.internal.worker.child.SystemApplicationClassLoaderWorker.call(SystemApplicationClassLoaderWorker.java:71) [gradle-worker-processes-7.4.jar:7.4]
	at worker.org.gradle.process.internal.worker.GradleWorkerMain.run(GradleWorkerMain.java:69) [gradle-worker.jar:?]
	at worker.org.gradle.process.internal.worker.GradleWorkerMain.main(GradleWorkerMain.java:74) [gradle-worker.jar:?]
[19:45:50] [jarutils-parallel-13/ERROR] [JarUtils|JarInJar]: Cannot create cache directory C:\Users\songp\AppData\Local\Temp\junit7418755419107374520\cache
[19:45:50] [jarutils-parallel-12/INFO] [JarUtils|JarInJar]: Extracted nested jar META-INF/jarjar/shared.jar -> C:\Users\songp\AppData\Local\Temp\junit7418755419107374520\cache\shared-332f01ff.jar
[19:45:50] [jarutils-parallel-15/INFO] [JarUtils|JarInJar]: Extracted nested jar META-INF/jarjar/inner.jar -> C:\Users\songp\AppData\Local\Temp\junit7418755419107374520\cache\inner-7b9c7ffd.jar
[19:45:50] [jarutils-parallel-18/INFO] [JarUtils|JarInJar]: Extracted nested jar META-INF/jarjar/inner.jar -> C:\Users\songp\AppData\Local\Temp\junit2665206946394472027\cache\inner-7b9c7ffd.jar
[19:46:02] [jarutils-parallel-3/INFO] [JarUtils|JarInJar]: Extracted nested jar META-INF/jarjar/mid.jar -> C:\Users\songp\AppData\Local\Temp\junit645211053535299046\cache\mid-8d353161.jar
[19:46:02] [jarutils-parallel-5/INFO] [JarUtils|JarInJar]: Extracted nested jar META-INF/jarjar/inner.jar -> C:\Users\songp\AppData\Local\Temp\junit645211053535299046\cache\inner-8b551641.jar
[19:46:02] [jarutils-parallel-10/ERROR] [JarUtils|JarInJar]: Cannot create cache directory C:\Users\songp\AppData\Local\Temp\junit7246384249073936719\cache
[19:46:02] [jarutils-parallel-9/INFO] [JarUtils|JarInJar]: Extracted nested jar META-INF/jarjar/mid.jar -> C:\Users\songp\AppData\Local\Temp\junit7246384249073936719\cache\mid-8d353161.jar
[19:46:02] [jarutils-parallel-12/INFO] [JarUtils|JarInJar]: Extracted nested jar META-INF/jarjar/inner.jar -> C:\Users\songp\AppData\Local\Temp\junit7246384249073936719\cache\inner-8b551641.jar
[19:46:02] [jarutils-parallel-15/INFO] [JarUtils|JarInJar]: Extracted nested jar META-INF/jarjar/lib.jar -> C:\Users\songp\AppData\Local\Temp\junit8015592244849681548\cache\lib-76b5a357.jar
[19:46:02] [jarutils-parallel-16/ERROR] [JarUtils|JarInJar]: Failed to open C:\Users\songp\AppData\Local\Temp\junit8015592244849681548\cache\lib-76b5a357.jar
java.util.zip.ZipException: error in opening zip file
	at java.util.zip.ZipFile.open(Native Method) ~[?:1.8.0_181]
	at java.util.zip.ZipFile.<init>(ZipFile.java:225) ~[?:1.8.0_181]
	at java.util.zip.ZipFile.<init>(ZipFile.java:155) ~[?:1.8.0_181]
	at java.util.jar.JarFile.<init>(JarFile.java:166) ~[?:1.8.0_181]
	at java.util.jar.JarFile.<init>(JarFile.java:130) ~[?:1.8.0_181]
	at io.qzz.dfdvdsf.jarinjar.JarInJar.openQuietly(JarInJar.java:835) [main/:?]
	at io.qzz.dfdvdsf.jarinjar.JarInJar.listNestedJarEntries(JarInJar.java:309) [main/:?]
	at io.qzz.dfdvdsf.jarinjar.JarInJar$2.apply(JarInJar.java:456) [main/:?]
	at io.qzz.dfdvdsf.jarinjar.JarInJar$2.apply(JarInJar.java:453) [main/:?]
	at io.qzz.dfdvdsf.concurrent.Parallel$1.call(Parallel.java:73) [main/:?]
	at java.util.concurrent.FutureTask.run(FutureTask.java:266) [?:1.8.0_181]
	at java.util.concurrent.ThreadPoolExecutor.runWorker(ThreadPoolExecutor.java:1149) [?:1.8.0_181]
	at java.util.concurrent.ThreadPoolExecutor$Worker.run(ThreadPoolExecutor.java:624) [?:1.8.0_181]
	at java.lang.Thread.run(Thread.java:748) [?:1.8.0_181]
[19:46:02] [Test worker/ERROR] [JarUtils|JarInJar]: Failed to open C:\Users\songp\AppData\Local\Temp\junit8015592244849681548\cache\lib-76b5a357.jar
java.util.zip.ZipException: error in opening zip file
	at java.util.zip.ZipFile.open(Native Method) ~[?:1.8.0_181]
	at java.util.zip.ZipFile.<init>(ZipFile.java:225) ~[?:1.8.0_181]
	at java.util.zip.ZipFile.<init>(ZipFile.java:155) ~[?:1.8.0_181]
	at java.util.jar.JarFile.<init>(JarFile.java:166) ~[?:1.8.0_181]
	at java.util.jar.JarFile.<init>(JarFile.java:130) ~[?:1.8.0_181]
	at io.qzz.dfdvdsf.jarinjar.JarInJar.openQuietly(JarInJar.java:835) [main/:?]
	at io.qzz.dfdvdsf.jarinjar.JarInJar.extractAllNestedJars(JarInJar.java:466) [main/:?]
	at io.qzz.dfdvdsf.jarinjar.JarInJar.extractAllNestedJarsRecursive(JarInJar.java:533) [main/:?]
	at io.qzz.dfdvdsf.jarinjar.JarInJarRecursiveTest.testRecursiveDedupDuplicateContainer(JarInJarRecursiveTest.java:148) [test/:?]
	at sun.reflect.NativeMethodAccessorImpl.invoke0(Native Method) ~[?:1.8.0_181]
	at sun.reflect.NativeMethodAccessorImpl.invoke(NativeMethodAccessorImpl.java:62) ~[?:1.8.0_181]
	at sun.reflect.DelegatingMethodAccessorImpl.invoke(DelegatingMethodAccessorImpl.java:43) ~[?:1.8.0_181]
	at java.lang.reflect.Method.invoke(Method.java:498) ~[?:1.8.0_181]
	at org.junit.runners.model.FrameworkMethod$1.runReflectiveCall(FrameworkMethod.java:59) [junit-4.13.2.jar:4.13.2]
	at org.junit.internal.runners.model.ReflectiveCallable.run(ReflectiveCallable.java:12) [junit-4.13.2.jar:4.13.2]
	at org.junit.runners.model.FrameworkMethod.invokeExplosively(FrameworkMethod.java:56) [junit-4.13.2.jar:4.13.2]
	at org.junit.internal.runners.statements.InvokeMethod.evaluate(InvokeMethod.java:17) [junit-4.13.2.jar:4.13.2]
	at org.junit.rules.ExternalResource$1.evaluate(ExternalResource.java:54) [junit-4.13.2.jar:4.13.2]
	at org.junit.runners.ParentRunner$3.evaluate(ParentRunner.java:306) [junit-4.13.2.jar:4.13.2]
	at org.junit.runners.BlockJUnit4ClassRunner$1.evaluate(BlockJUnit4ClassRunner.java:100) [junit-4.13.2.jar:4.13.2]
	at org.junit.runners.ParentRunner.runLeaf(ParentRunner.java:366) [junit-4.13.2.jar:4.13.2]
	at org.junit.runners.BlockJUnit4ClassRunner.runChild(BlockJUnit4ClassRunner.java:103) [junit-4.13.2.jar:4.13.2]
	at org.junit.runners.BlockJUnit4ClassRunner.runChild(BlockJUnit4ClassRunner.java:63) [junit-4.13.2.jar:4.13.2]
	at org.junit.runners.ParentRunner$4.run(ParentRunner.java:331) [junit-4.13.2.jar:4.13.2]
	at org.junit.runners.ParentRunner$1.schedule(ParentRunner.java:79) [junit-4.13.2.jar:4.13.2]
	at org.junit.runners.ParentRunner.runChildren(ParentRunner.java:329) [junit-4.13.2.jar:4.13.2]
	at org.junit.runners.ParentRunner.access$100(ParentRunner.java:66) [junit-4.13.2.jar:4.13.2]
	at org.junit.runners.ParentRunner$2.evaluate(ParentRunner.java:293) [junit-4.13.2.jar:4.13.2]
	at org.junit.runners.ParentRunner$3.evaluate(ParentRunner.java:306) [junit-4.13.2.jar:4.13.2]
	at org.junit.runners.ParentRunner.run(ParentRunner.java:413) [junit-4.13.2.jar:4.13.2]
	at org.gradle.api.internal.tasks.testing.junit.JUnitTestClassExecutor.runTestClass(JUnitTestClassExecutor.java:110) [gradle-testing-jvm-7.4.jar:7.4]
	at org.gradle.api.internal.tasks.testing.junit.JUnitTestClassExecutor.execute(JUnitTestClassExecutor.java:58) [gradle-testing-jvm-7.4.jar:7.4]
	at org.gradle.api.internal.tasks.testing.junit.JUnitTestClassExecutor.execute(JUnitTestClassExecutor.java:38) [gradle-testing-jvm-7.4.jar:7.4]
	at org.gradle.api.internal.tasks.testing.junit.AbstractJUnitTestClassProcessor.processTestClass(AbstractJUnitTestClassProcessor.java:62) [gradle-testing-jvm-7.4.jar:7.4]
	at org.gradle.api.internal.tasks.testing.SuiteTestClassProcessor.processTestClass(SuiteTestClassProcessor.java:51) [gradle-testing-base-7.4.jar:7.4]
	at sun.reflect.NativeMethodAccessorImpl.invoke0(Native Method) ~[?:1.8.0_181]
	at sun.reflect.NativeMethodAccessorImpl.invoke(NativeMethodAccessorImpl.java:62) ~[?:1.8.0_181]
	at sun.reflect.DelegatingMethodAccessorImpl.invoke(DelegatingMethodAccessorImpl.java:43) ~[?:1.8.0_181]
	at java.lang.reflect.Method.invoke(Method.java:498) ~[?:1.8.0_181]
	at org.gradle.internal.dispatch.ReflectionDispatch.dispatch(ReflectionDispatch.java:36) [gradle-messaging-7.4.jar:7.4]
	at org.gradle.internal.dispatch.ReflectionDispatch.dispatch(ReflectionDispatch.java:24) [gradle-messaging-7.4.jar:7.4]
	at org.gradle.internal.dispatch.ContextClassLoaderDispatch.dispatch(ContextClassLoaderDispatch.java:33) [gradle-messaging-7.4.jar:7.4]
	at org.gradle.internal.dispatch.ProxyDispatchAdapter$DispatchingInvocationHandler.invoke(ProxyDispatchAdapter.java:94) [gradle-messaging-7.4.jar:7.4]
	at com.sun.proxy.$Proxy2.processTestClass(Unknown Source) [?:?]
	at org.gradle.api.internal.tasks.testing.worker.TestWorker$2.run(TestWorker.java:176) [gradle-testing-base-7.4.jar:7.4]
	at org.gradle.api.internal.tasks.testing.worker.TestWorker.executeAndMaintainThreadName(TestWorker.java:129) [gradle-testing-base-7.4.jar:7.4]
	at org.gradle.api.internal.tasks.testing.worker.TestWorker.execute(TestWorker.java:100) [gradle-testing-base-7.4.jar:7.4]
	at org.gradle.api.internal.tasks.testing.worker.TestWorker.execute(TestWorker.java:60) [gradle-testing-base-7.4.jar:7.4]
	at org.gradle.process.internal.worker.child.ActionExecutionWorker.execute(ActionExecutionWorker.java:56) [gradle-worker-processes-7.4.jar:7.4]
	at org.gradle.process.internal.worker.child.SystemApplicationClassLoaderWorker.call(SystemApplicationClassLoaderWorker.java:133) [gradle-worker-processes-7.4.jar:7.4]
	at org.gradle.process.internal.worker.child.SystemApplicationClassLoaderWorker.call(SystemApplicationClassLoaderWorker.java:71) [gradle-worker-processes-7.4.jar:7.4]
	at worker.org.gradle.process.internal.worker.GradleWorkerMain.run(GradleWorkerMain.java:69) [gradle-worker.jar:?]
	at worker.org.gradle.process.internal.worker.GradleWorkerMain.main(GradleWorkerMain.java:74) [gradle-worker.jar:?]
[19:46:02] [jarutils-parallel-18/INFO] [JarUtils|JarInJar]: Extracted nested jar META-INF/jarjar/mid.jar -> C:\Users\songp\AppData\Local\Temp\junit7239471248567506304\cache\mid-8d353161.jar
[19:46:02] [jarutils-parallel-20/INFO] [JarUtils|JarInJar]: Extracted nested jar META-INF/jarjar/inner.jar -> C:\Users\songp\AppData\Local\Temp\junit7239471248567506304\cache\inner-8b551641.jar
[19:46:02] [jarutils-parallel-3/DEBUG] [JarUtils|JarInJar]: Cache hit for nested jar META-INF/jarjar/mid.jar: C:\Users\songp\AppData\Local\Temp\junit7239471248567506304\cache\mid-8d353161.jar
[19:46:02] [jarutils-parallel-5/DEBUG] [JarUtils|JarInJar]: Cache hit for nested jar META-INF/jarjar/inner.jar: C:\Users\songp\AppData\Local\Temp\junit7239471248567506304\cache\inner-8b551641.jar
[19:46:02] [jarutils-parallel-7/INFO] [JarUtils|JarInJar]: Extracted nested jar META-INF/jarjar/lib.jar -> C:\Users\songp\AppData\Local\Temp\junit5725980396740819306\cache\lib-76b5a357.jar
[19:46:02] [jarutils-parallel-10/ERROR] [JarUtils|JarInJar]: Failed to open C:\Users\songp\AppData\Local\Temp\junit5725980396740819306\cache\lib-76b5a357.jar
java.util.zip.ZipException: error in opening zip file
	at java.util.zip.ZipFile.open(Native Method) ~[?:1.8.0_181]
	at java.util.zip.ZipFile.<init>(ZipFile.java:225) ~[?:1.8.0_181]
	at java.util.zip.ZipFile.<init>(ZipFile.java:155) ~[?:1.8.0_181]
	at java.util.jar.JarFile.<init>(JarFile.java:166) ~[?:1.8.0_181]
	at java.util.jar.JarFile.<init>(JarFile.java:130) ~[?:1.8.0_181]
	at io.qzz.dfdvdsf.jarinjar.JarInJar.openQuietly(JarInJar.java:835) [main/:?]
	at io.qzz.dfdvdsf.jarinjar.JarInJar.listNestedJarEntries(JarInJar.java:309) [main/:?]
	at io.qzz.dfdvdsf.jarinjar.JarInJar$2.apply(JarInJar.java:456) [main/:?]
	at io.qzz.dfdvdsf.jarinjar.JarInJar$2.apply(JarInJar.java:453) [main/:?]
	at io.qzz.dfdvdsf.concurrent.Parallel$1.call(Parallel.java:73) [main/:?]
	at java.util.concurrent.FutureTask.run(FutureTask.java:266) [?:1.8.0_181]
	at java.util.concurrent.ThreadPoolExecutor.runWorker(ThreadPoolExecutor.java:1149) [?:1.8.0_181]
	at java.util.concurrent.ThreadPoolExecutor$Worker.run(ThreadPoolExecutor.java:624) [?:1.8.0_181]
	at java.lang.Thread.run(Thread.java:748) [?:1.8.0_181]
[19:46:02] [Test worker/ERROR] [JarUtils|JarInJar]: Failed to open C:\Users\songp\AppData\Local\Temp\junit5725980396740819306\cache\lib-76b5a357.jar
java.util.zip.ZipException: error in opening zip file
	at java.util.zip.ZipFile.open(Native Method) ~[?:1.8.0_181]
	at java.util.zip.ZipFile.<init>(ZipFile.java:225) ~[?:1.8.0_181]
	at java.util.zip.ZipFile.<init>(ZipFile.java:155) ~[?:1.8.0_181]
	at java.util.jar.JarFile.<init>(JarFile.java:166) ~[?:1.8.0_181]
	at java.util.jar.JarFile.<init>(JarFile.java:130) ~[?:1.8.0_181]
	at io.qzz.dfdvdsf.jarinjar.JarInJar.openQuietly(JarInJar.java:835) [main/:?]
	at io.qzz.dfdvdsf.jarinjar.JarInJar.extractAllNestedJars(JarInJar.java:466) [main/:?]
	at io.qzz.dfdvdsf.jarinjar.JarInJar.extractAllNestedJarsRecursive(JarInJar.java:533) [main/:?]
	at io.qzz.dfdvdsf.jarinjar.JarInJar.extractAllNestedJarsRecursive(JarInJar.java:561) [main/:?]
	at io.qzz.dfdvdsf.jarinjar.JarInJarRecursiveTest.testRecursiveExtractionSingleLevel(JarInJarRecursiveTest.java:83) [test/:?]
	at sun.reflect.NativeMethodAccessorImpl.invoke0(Native Method) ~[?:1.8.0_181]
	at sun.reflect.NativeMethodAccessorImpl.invoke(NativeMethodAccessorImpl.java:62) ~[?:1.8.0_181]
	at sun.reflect.DelegatingMethodAccessorImpl.invoke(DelegatingMethodAccessorImpl.java:43) ~[?:1.8.0_181]
	at java.lang.reflect.Method.invoke(Method.java:498) ~[?:1.8.0_181]
	at org.junit.runners.model.FrameworkMethod$1.runReflectiveCall(FrameworkMethod.java:59) [junit-4.13.2.jar:4.13.2]
	at org.junit.internal.runners.model.ReflectiveCallable.run(ReflectiveCallable.java:12) [junit-4.13.2.jar:4.13.2]
	at org.junit.runners.model.FrameworkMethod.invokeExplosively(FrameworkMethod.java:56) [junit-4.13.2.jar:4.13.2]
	at org.junit.internal.runners.statements.InvokeMethod.evaluate(InvokeMethod.java:17) [junit-4.13.2.jar:4.13.2]
	at org.junit.rules.ExternalResource$1.evaluate(ExternalResource.java:54) [junit-4.13.2.jar:4.13.2]
	at org.junit.runners.ParentRunner$3.evaluate(ParentRunner.java:306) [junit-4.13.2.jar:4.13.2]
	at org.junit.runners.BlockJUnit4ClassRunner$1.evaluate(BlockJUnit4ClassRunner.java:100) [junit-4.13.2.jar:4.13.2]
	at org.junit.runners.ParentRunner.runLeaf(ParentRunner.java:366) [junit-4.13.2.jar:4.13.2]
	at org.junit.runners.BlockJUnit4ClassRunner.runChild(BlockJUnit4ClassRunner.java:103) [junit-4.13.2.jar:4.13.2]
	at org.junit.runners.BlockJUnit4ClassRunner.runChild(BlockJUnit4ClassRunner.java:63) [junit-4.13.2.jar:4.13.2]
	at org.junit.runners.ParentRunner$4.run(ParentRunner.java:331) [junit-4.13.2.jar:4.13.2]
	at org.junit.runners.ParentRunner$1.schedule(ParentRunner.java:79) [junit-4.13.2.jar:4.13.2]
	at org.junit.runners.ParentRunner.runChildren(ParentRunner.java:329) [junit-4.13.2.jar:4.13.2]
	at org.junit.runners.ParentRunner.access$100(ParentRunner.java:66) [junit-4.13.2.jar:4.13.2]
	at org.junit.runners.ParentRunner$2.evaluate(ParentRunner.java:293) [junit-4.13.2.jar:4.13.2]
	at org.junit.runners.ParentRunner$3.evaluate(ParentRunner.java:306) [junit-4.13.2.jar:4.13.2]
	at org.junit.runners.ParentRunner.run(ParentRunner.java:413) [junit-4.13.2.jar:4.13.2]
	at org.gradle.api.internal.tasks.testing.junit.JUnitTestClassExecutor.runTestClass(JUnitTestClassExecutor.java:110) [gradle-testing-jvm-7.4.jar:7.4]
	at org.gradle.api.internal.tasks.testing.junit.JUnitTestClassExecutor.execute(JUnitTestClassExecutor.java:58) [gradle-testing-jvm-7.4.jar:7.4]
	at org.gradle.api.internal.tasks.testing.junit.JUnitTestClassExecutor.execute(JUnitTestClassExecutor.java:38) [gradle-testing-jvm-7.4.jar:7.4]
	at org.gradle.api.internal.tasks.testing.junit.AbstractJUnitTestClassProcessor.processTestClass(AbstractJUnitTestClassProcessor.java:62) [gradle-testing-jvm-7.4.jar:7.4]
	at org.gradle.api.internal.tasks.testing.SuiteTestClassProcessor.processTestClass(SuiteTestClassProcessor.java:51) [gradle-testing-base-7.4.jar:7.4]
	at sun.reflect.NativeMethodAccessorImpl.invoke0(Native Method) ~[?:1.8.0_181]
	at sun.reflect.NativeMethodAccessorImpl.invoke(NativeMethodAccessorImpl.java:62) ~[?:1.8.0_181]
	at sun.reflect.DelegatingMethodAccessorImpl.invoke(DelegatingMethodAccessorImpl.java:43) ~[?:1.8.0_181]
	at java.lang.reflect.Method.invoke(Method.java:498) ~[?:1.8.0_181]
	at org.gradle.internal.dispatch.ReflectionDispatch.dispatch(ReflectionDispatch.java:36) [gradle-messaging-7.4.jar:7.4]
	at org.gradle.internal.dispatch.ReflectionDispatch.dispatch(ReflectionDispatch.java:24) [gradle-messaging-7.4.jar:7.4]
	at org.gradle.internal.dispatch.ContextClassLoaderDispatch.dispatch(ContextClassLoaderDispatch.java:33) [gradle-messaging-7.4.jar:7.4]
	at org.gradle.internal.dispatch.ProxyDispatchAdapter$DispatchingInvocationHandler.invoke(ProxyDispatchAdapter.java:94) [gradle-messaging-7.4.jar:7.4]
	at com.sun.proxy.$Proxy2.processTestClass(Unknown Source) [?:?]
	at org.gradle.api.internal.tasks.testing.worker.TestWorker$2.run(TestWorker.java:176) [gradle-testing-base-7.4.jar:7.4]
	at org.gradle.api.internal.tasks.testing.worker.TestWorker.executeAndMaintainThreadName(TestWorker.java:129) [gradle-testing-base-7.4.jar:7.4]
	at org.gradle.api.internal.tasks.testing.worker.TestWorker.execute(TestWorker.java:100) [gradle-testing-base-7.4.jar:7.4]
	at org.gradle.api.internal.tasks.testing.worker.TestWorker.execute(TestWorker.java:60) [gradle-testing-base-7.4.jar:7.4]
	at org.gradle.process.internal.worker.child.ActionExecutionWorker.execute(ActionExecutionWorker.java:56) [gradle-worker-processes-7.4.jar:7.4]
	at org.gradle.process.internal.worker.child.SystemApplicationClassLoaderWorker.call(SystemApplicationClassLoaderWorker.java:133) [gradle-worker-processes-7.4.jar:7.4]
	at org.gradle.process.internal.worker.child.SystemApplicationClassLoaderWorker.call(SystemApplicationClassLoaderWorker.java:71) [gradle-worker-processes-7.4.jar:7.4]
	at worker.org.gradle.process.internal.worker.GradleWorkerMain.run(GradleWorkerMain.java:69) [gradle-worker.jar:?]
	at worker.org.gradle.process.internal.worker.GradleWorkerMain.main(GradleWorkerMain.java:74) [gradle-worker.jar:?]
[19:46:02] [jarutils-parallel-13/ERROR] [JarUtils|JarInJar]: Cannot create cache directory C:\Users\songp\AppData\Local\Temp\junit1794022551545664884\cache
[19:46:02] [jarutils-parallel-12/INFO] [JarUtils|JarInJar]: Extracted nested jar META-INF/jarjar/shared.jar -> C:\Users\songp\AppData\Local\Temp\junit1794022551545664884\cache\shared-3c1423d6.jar
[19:46:02] [jarutils-parallel-15/INFO] [JarUtils|JarInJar]: Extracted nested jar META-INF/jarjar/inner.jar -> C:\Users\songp\AppData\Local\Temp\junit1794022551545664884\cache\inner-8b551641.jar
[19:46:02] [jarutils-parallel-18/INFO] [JarUtils|JarInJar]: Extracted nested jar META-INF/jarjar/inner.jar -> C:\Users\songp\AppData\Local\Temp\junit2292704583775620902\cache\inner-8b551641.jar
